{"version": 7,
 "packagesDir": ".lake/packages",
 "packages":
 [{"type": "path",
   "name": "root",
   "manifestFile": "lake-manifest.json",
   "inherited": true,
   "dir": "./../foo/../a/../root",
   "configFile": "lakefile.lean"},
  {"type": "path",
   "name": "a",
   "manifestFile": "lake-manifest.json",
   "inherited": true,
   "dir": "./../foo/../a",
   "configFile": "lakefile.lean"},
  {"type": "path",
   "name": "b",
   "manifestFile": "lake-manifest.json",
   "inherited": true,
   "dir": "./../foo/../b",
   "configFile": "lakefile.lean"},
  {"type": "path",
   "name": "foo",
   "manifestFile": "lake-manifest.json",
   "inherited": false,
   "dir": "./../foo",
   "configFile": "lakefile.lean"}],
 "name": "bar",
 "lakeDir": ".lake"}
