instReprTree
instReprListTree
instDecidableEqTree
instDecidableEqListTree
instBEqTree
instBEqListTree
instHashableTree
instHashableListTree
instOrdTree
instOrdListTree
