Try this: simp only [â†“reduceIte, Nat.reduceAdd]
