bar _ (@OfNat.ofNat Nat _ _)
bar _ (@OfNat.ofNat Nat _ _)
bar _ _
@HAdd.hAdd _ _ _ _ (@HAdd.hAdd _ _ _ _ _ _) _
@HAdd.hAdd _ _ _ _ (@HAdd.hAdd _ _ _ _ _ _) _
@HAdd.hAdd β β β _ (@HAdd.hAdd (Wrapper β) (Wrapper β) (Wrapper β) _ x✝² x✝¹).1 x✝.1
discrTreeKey.lean:39:0-39:8: warning: declaration uses 'sorry'
@HAdd.hAdd β β β _ (@HAdd.hAdd β β β _ _ _) _
@HAdd.hAdd β β β _ (@HAdd.hAdd β β β _ x✝².1 x✝¹.1) x✝.1
