[Meta.debug] >> fun x => Nat.add
[Meta.debug] >> Nat.add
[Meta.debug] >> HAdd.hAdd 1
[Meta.debug] >> fun x y z => z.add y
[Meta.debug] >> fun y => y.add y
