Inferred termination argument:
termination_by (y, 1, 0)
Inferred termination argument:
termination_by (y, 0, 1)
Inferred termination argument:
termination_by (y, 0, 0)
