Inferred termination argument:
termination_by x1 x2 => (x1, x2, 0)
Inferred termination argument:
termination_by x1 x2 => (x1, x2, 1)
