theorem ex : ∀ {n : Nat} {i j : Fin n}, i = j → ↑i = ↑j :=
fun {n} {i j} h => h ▸ rfl
