linterUnusedVariables.lean:16:21-16:22: warning: unused variable `x`
note: this linter can be disabled with `set_option linter.unusedVariables false`
linterUnusedVariables.lean:17:6-17:7: warning: unused variable `y`
note: this linter can be disabled with `set_option linter.unusedVariables false`
linterUnusedVariables.lean:22:8-22:9: warning: unused variable `x`
note: this linter can be disabled with `set_option linter.unusedVariables false`
linterUnusedVariables.lean:38:5-38:6: warning: unused variable `x`
note: this linter can be disabled with `set_option linter.unusedVariables false`
linterUnusedVariables.lean:43:5-43:6: warning: unused variable `x`
note: this linter can be disabled with `set_option linter.unusedVariables false`
linterUnusedVariables.lean:46:7-46:8: warning: unused variable `x`
note: this linter can be disabled with `set_option linter.unusedVariables false`
linterUnusedVariables.lean:49:8-49:9: warning: unused variable `x`
note: this linter can be disabled with `set_option linter.unusedVariables false`
linterUnusedVariables.lean:53:9-53:10: warning: unused variable `z`
note: this linter can be disabled with `set_option linter.unusedVariables false`
linterUnusedVariables.lean:55:11-55:12: warning: unused variable `z`
note: this linter can be disabled with `set_option linter.unusedVariables false`
linterUnusedVariables.lean:60:14-60:15: warning: unused variable `y`
note: this linter can be disabled with `set_option linter.unusedVariables false`
linterUnusedVariables.lean:66:20-66:21: warning: unused variable `y`
note: this linter can be disabled with `set_option linter.unusedVariables false`
linterUnusedVariables.lean:71:34-71:38: warning: unused variable `inst`
note: this linter can be disabled with `set_option linter.unusedVariables false`
linterUnusedVariables.lean:112:25-112:26: warning: unused variable `x`
note: this linter can be disabled with `set_option linter.unusedVariables false`
linterUnusedVariables.lean:113:6-113:7: warning: unused variable `y`
note: this linter can be disabled with `set_option linter.unusedVariables false`
linterUnusedVariables.lean:119:6-119:7: warning: unused variable `a`
note: this linter can be disabled with `set_option linter.unusedVariables false`
linterUnusedVariables.lean:129:26-129:27: warning: unused variable `z`
note: this linter can be disabled with `set_option linter.unusedVariables false`
linterUnusedVariables.lean:137:9-137:10: warning: unused variable `h`
note: this linter can be disabled with `set_option linter.unusedVariables false`
linterUnusedVariables.lean:151:8-151:9: warning: unused variable `y`
note: this linter can be disabled with `set_option linter.unusedVariables false`
linterUnusedVariables.lean:154:20-154:21: warning: unused variable `β`
note: this linter can be disabled with `set_option linter.unusedVariables false`
linterUnusedVariables.lean:155:7-155:8: warning: unused variable `x`
note: this linter can be disabled with `set_option linter.unusedVariables false`
linterUnusedVariables.lean:165:6-165:7: warning: unused variable `s`
note: this linter can be disabled with `set_option linter.unusedVariables false`
linterUnusedVariables.lean:189:6-189:7: warning: unused variable `y`
note: this linter can be disabled with `set_option linter.unusedVariables false`
linterUnusedVariables.lean:196:19-196:20: warning: unused variable `x`
note: this linter can be disabled with `set_option linter.unusedVariables false`
linterUnusedVariables.lean:200:6-200:7: warning: unused variable `y`
note: this linter can be disabled with `set_option linter.unusedVariables false`
linterUnusedVariables.lean:205:6-205:7: warning: unused variable `y`
note: this linter can be disabled with `set_option linter.unusedVariables false`
linterUnusedVariables.lean:210:6-210:7: warning: unused variable `y`
note: this linter can be disabled with `set_option linter.unusedVariables false`
linterUnusedVariables.lean:219:32-219:33: warning: unused variable `b`
note: this linter can be disabled with `set_option linter.unusedVariables false`
linterUnusedVariables.lean:236:27-236:28: error: don't know how to synthesize placeholder
context:
bar : ?m
bar' : Nat → Nat
α : Type ?u
β : ?m
inst : ToString α
a : Nat
⊢ Nat
linterUnusedVariables.lean:237:0-237:7: warning: declaration uses 'sorry'
linterUnusedVariables.lean:238:0-238:7: warning: declaration uses 'sorry'
linterUnusedVariables.lean:239:29-241:7: error: unexpected token 'theorem'; expected '{' or tactic
linterUnusedVariables.lean:239:27-239:29: error: unsolved goals
bar : ?m
bar' : Nat → Nat
α : Type ?u
β : ?m
inst : ToString α
a : Nat
⊢ Nat
linterUnusedVariables.lean:249:9-249:12: warning: unused variable `ord`
note: this linter can be disabled with `set_option linter.unusedVariables false`
linterUnusedVariables.lean:250:15-250:18: warning: unused variable `ord`
note: this linter can be disabled with `set_option linter.unusedVariables false`
linterUnusedVariables.lean:251:9-251:10: warning: unused variable `h`
note: this linter can be disabled with `set_option linter.unusedVariables false`
