22 : Nat
22 : Nat
nat_lit 22 : Nat
22 : Nat
nat_lit 22 : Nat
(22 : Rat) : Rat
(-22 : Rat) : Rat
(22 / 17 : Rat) : Rat
(-22 / 17 : Rat) : Rat
(-22 : Rat) / (-17 : Rat) : Rat
(17 : Fin (22 : Nat)) : Fin (22 : Nat)
(2 : Nat) : Nat
(2 : Nat) + (1 : Nat) = (3 : Nat) : Prop
@OfNat.ofNat.{0} Nat 2 (instOfNatNat 2) : Nat
@OfNat.ofNat.{0} Nat 2 (instOfNatNat 2) : Nat
@OfNat.ofNat.{0} Nat (nat_lit 2) (instOfNatNat (nat_lit 2)) : Nat
