rwWithoutOffsetCnstrs.lean:5:0-5:7: warning: declaration uses 'sorry'
m n : Nat
‚ä¢ (n + 1).ble n = false
