structInstExtraEta.lean:12:4-12:5: warning: declaration uses 'sorry'
def b : B :=
let src := a;
{ toA := src }
def c : C :=
let src := a;
{ toB := { toA := src } }
def d : D :=
let src := c;
{ toB := src.toB }
