unfoldReduceMatch.lean:2:0-2:7: warning: declaration uses 'sorry'
n : Nat
‚ä¢ (Nat.zero.add n).succ = n.succ
