{"textDocument": {"uri": "file:///1265.lean"},
 "position": {"line": 0, "character": 51}}
{"items":
 [{"sortText": "0",
   "label": "expandInterpolatedStr",
   "kind": 3,
   "data":
   {"params":
    {"textDocument": {"uri": "file:///1265.lean"},
     "position": {"line": 0, "character": 51}},
    "id": {"const": {"declName": "Lean.TSyntax.expandInterpolatedStr"}}}},
  {"sortText": "1",
   "label": "getChar",
   "kind": 3,
   "data":
   {"params":
    {"textDocument": {"uri": "file:///1265.lean"},
     "position": {"line": 0, "character": 51}},
    "id": {"const": {"declName": "Lean.TSyntax.getChar"}}}},
  {"sortText": "2",
   "label": "getDocString",
   "kind": 3,
   "data":
   {"params":
    {"textDocument": {"uri": "file:///1265.lean"},
     "position": {"line": 0, "character": 51}},
    "id": {"const": {"declName": "Lean.TSyntax.getDocString"}}}},
  {"sortText": "3",
   "label": "getHygieneInfo",
   "kind": 3,
   "data":
   {"params":
    {"textDocument": {"uri": "file:///1265.lean"},
     "position": {"line": 0, "character": 51}},
    "id": {"const": {"declName": "Lean.TSyntax.getHygieneInfo"}}}},
  {"sortText": "4",
   "label": "getId",
   "kind": 3,
   "data":
   {"params":
    {"textDocument": {"uri": "file:///1265.lean"},
     "position": {"line": 0, "character": 51}},
    "id": {"const": {"declName": "Lean.TSyntax.getId"}}}},
  {"sortText": "5",
   "label": "getName",
   "kind": 3,
   "data":
   {"params":
    {"textDocument": {"uri": "file:///1265.lean"},
     "position": {"line": 0, "character": 51}},
    "id": {"const": {"declName": "Lean.TSyntax.getName"}}}},
  {"sortText": "6",
   "label": "getNat",
   "kind": 3,
   "data":
   {"params":
    {"textDocument": {"uri": "file:///1265.lean"},
     "position": {"line": 0, "character": 51}},
    "id": {"const": {"declName": "Lean.TSyntax.getNat"}}}},
  {"sortText": "7",
   "label": "getScientific",
   "kind": 3,
   "data":
   {"params":
    {"textDocument": {"uri": "file:///1265.lean"},
     "position": {"line": 0, "character": 51}},
    "id": {"const": {"declName": "Lean.TSyntax.getScientific"}}}},
  {"sortText": "8",
   "label": "getString",
   "kind": 3,
   "data":
   {"params":
    {"textDocument": {"uri": "file:///1265.lean"},
     "position": {"line": 0, "character": 51}},
    "id": {"const": {"declName": "Lean.TSyntax.getString"}}}},
  {"sortText": "9",
   "label": "raw",
   "kind": 5,
   "documentation":
   {"value": "The underlying `Syntax` value. ", "kind": "markdown"},
   "data":
   {"params":
    {"textDocument": {"uri": "file:///1265.lean"},
     "position": {"line": 0, "character": 51}},
    "id": {"const": {"declName": "Lean.TSyntax.raw"}}}}],
 "isIncomplete": true}
{"textDocument": {"uri": "file:///1265.lean"},
 "position": {"line": 2, "character": 53}}
{"items":
 [{"sortText": "0",
   "label": "expandInterpolatedStr",
   "kind": 3,
   "data":
   {"params":
    {"textDocument": {"uri": "file:///1265.lean"},
     "position": {"line": 2, "character": 53}},
    "id": {"const": {"declName": "Lean.TSyntax.expandInterpolatedStr"}}}},
  {"sortText": "1",
   "label": "getChar",
   "kind": 3,
   "data":
   {"params":
    {"textDocument": {"uri": "file:///1265.lean"},
     "position": {"line": 2, "character": 53}},
    "id": {"const": {"declName": "Lean.TSyntax.getChar"}}}},
  {"sortText": "2",
   "label": "getDocString",
   "kind": 3,
   "data":
   {"params":
    {"textDocument": {"uri": "file:///1265.lean"},
     "position": {"line": 2, "character": 53}},
    "id": {"const": {"declName": "Lean.TSyntax.getDocString"}}}},
  {"sortText": "3",
   "label": "getHygieneInfo",
   "kind": 3,
   "data":
   {"params":
    {"textDocument": {"uri": "file:///1265.lean"},
     "position": {"line": 2, "character": 53}},
    "id": {"const": {"declName": "Lean.TSyntax.getHygieneInfo"}}}},
  {"sortText": "4",
   "label": "getId",
   "kind": 3,
   "data":
   {"params":
    {"textDocument": {"uri": "file:///1265.lean"},
     "position": {"line": 2, "character": 53}},
    "id": {"const": {"declName": "Lean.TSyntax.getId"}}}},
  {"sortText": "5",
   "label": "getName",
   "kind": 3,
   "data":
   {"params":
    {"textDocument": {"uri": "file:///1265.lean"},
     "position": {"line": 2, "character": 53}},
    "id": {"const": {"declName": "Lean.TSyntax.getName"}}}},
  {"sortText": "6",
   "label": "getNat",
   "kind": 3,
   "data":
   {"params":
    {"textDocument": {"uri": "file:///1265.lean"},
     "position": {"line": 2, "character": 53}},
    "id": {"const": {"declName": "Lean.TSyntax.getNat"}}}},
  {"sortText": "7",
   "label": "getScientific",
   "kind": 3,
   "data":
   {"params":
    {"textDocument": {"uri": "file:///1265.lean"},
     "position": {"line": 2, "character": 53}},
    "id": {"const": {"declName": "Lean.TSyntax.getScientific"}}}},
  {"sortText": "8",
   "label": "getString",
   "kind": 3,
   "data":
   {"params":
    {"textDocument": {"uri": "file:///1265.lean"},
     "position": {"line": 2, "character": 53}},
    "id": {"const": {"declName": "Lean.TSyntax.getString"}}}},
  {"sortText": "9",
   "label": "raw",
   "kind": 5,
   "documentation":
   {"value": "The underlying `Syntax` value. ", "kind": "markdown"},
   "data":
   {"params":
    {"textDocument": {"uri": "file:///1265.lean"},
     "position": {"line": 2, "character": 53}},
    "id": {"const": {"declName": "Lean.TSyntax.raw"}}}}],
 "isIncomplete": true}
