{"textDocument": {"uri": "file:///anonHyp.lean"},
 "position": {"line": 2, "character": 4}}
{"rendered":
 "```lean\ncase succ\nn✝ : Nat\na✝ : n✝ + 1 > 0\n⊢ n✝ + 1 + 1 > 0\n```",
 "goals": ["case succ\nn✝ : Nat\na✝ : n✝ + 1 > 0\n⊢ n✝ + 1 + 1 > 0"]}
