{"textDocument": {"uri": "file:///fieldCompletion.lean"},
 "position": {"line": 5, "character": 3}}
{"items": [], "isIncomplete": true}
