{"textDocument": {"uri": "file:///inWordCompletion.lean"},
 "position": {"line": 4, "character": 11}}
{"items":
 [{"sortText": "0",
   "label": "gfxabc",
   "kind": 3,
   "data":
   {"params":
    {"textDocument": {"uri": "file:///inWordCompletion.lean"},
     "position": {"line": 4, "character": 11}},
    "id": {"const": {"declName": "gfxabc"}}}},
  {"sortText": "1",
   "label": "gfxacc",
   "kind": 3,
   "data":
   {"params":
    {"textDocument": {"uri": "file:///inWordCompletion.lean"},
     "position": {"line": 4, "character": 11}},
    "id": {"const": {"declName": "gfxacc"}}}},
  {"sortText": "2",
   "label": "gfxadc",
   "kind": 3,
   "data":
   {"params":
    {"textDocument": {"uri": "file:///inWordCompletion.lean"},
     "position": {"line": 4, "character": 11}},
    "id": {"const": {"declName": "gfxadc"}}}}],
 "isIncomplete": true}
{"textDocument": {"uri": "file:///inWordCompletion.lean"},
 "position": {"line": 12, "character": 15}}
{"items":
 [{"sortText": "0",
   "label": "gfxabc",
   "kind": 3,
   "data":
   {"params":
    {"textDocument": {"uri": "file:///inWordCompletion.lean"},
     "position": {"line": 12, "character": 15}},
    "id": {"const": {"declName": "Boo.gfxabc"}}}},
  {"sortText": "1",
   "label": "gfxacc",
   "kind": 3,
   "data":
   {"params":
    {"textDocument": {"uri": "file:///inWordCompletion.lean"},
     "position": {"line": 12, "character": 15}},
    "id": {"const": {"declName": "Boo.gfxacc"}}}},
  {"sortText": "2",
   "label": "gfxadc",
   "kind": 3,
   "data":
   {"params":
    {"textDocument": {"uri": "file:///inWordCompletion.lean"},
     "position": {"line": 12, "character": 15}},
    "id": {"const": {"declName": "Boo.gfxadc"}}}}],
 "isIncomplete": true}
